09:59:06 **** Incremental Build of configuration Debug for project Lab3_2 ****
make -r -j8 all 
Building file: ../source/Lab3_2.c
Invoking: MCU C Compiler
arm-none-eabi-gcc -D__REDLIB__ -DCPU_LPC55S69JBD100 -DCPU_LPC55S69JBD100_cm33 -DCPU_LPC55S69JBD100_cm33_core0 -DSDK_OS_BAREMETAL -DSERIAL_PORT_TYPE_UART=1 -DSDK_DEBUGCONSOLE=0 -DCR_INTEGER_PRINTF -DPRINTF_FLOAT_ENABLE=0 -D__MCUXPRESSO -D__USE_CMSIS -DDEBUG -I"C:\Users\DCDbr\Documents\MCUXpressoIDE_11.10.0_3148\workspace\Lab3_2\board" -I"C:\Users\DCDbr\Documents\MCUXpressoIDE_11.10.0_3148\workspace\Lab3_2\source" -I"C:\Users\DCDbr\Documents\MCUXpressoIDE_11.10.0_3148\workspace\Lab3_2\utilities" -I"C:\Users\DCDbr\Documents\MCUXpressoIDE_11.10.0_3148\workspace\Lab3_2\drivers" -I"C:\Users\DCDbr\Documents\MCUXpressoIDE_11.10.0_3148\workspace\Lab3_2\component\uart" -I"C:\Users\DCDbr\Documents\MCUXpressoIDE_11.10.0_3148\workspace\Lab3_2\component\serial_manager" -I"C:\Users\DCDbr\Documents\MCUXpressoIDE_11.10.0_3148\workspace\Lab3_2\device" -I"C:\Users\DCDbr\Documents\MCUXpressoIDE_11.10.0_3148\workspace\Lab3_2\CMSIS" -I"C:\Users\DCDbr\Documents\MCUXpressoIDE_11.10.0_3148\workspace\Lab3_2\component\lists" -I"C:\Users\DCDbr\Documents\MCUXpressoIDE_11.10.0_3148\workspace\Lab3_2\startup" -O0 -fno-common -g3 -gdwarf-4 -Wall -c -ffunction-sections -fdata-sections -fno-builtin -fmerge-constants -fmacro-prefix-map="../source/"= -mcpu=cortex-m33 -mfpu=fpv5-sp-d16 -mfloat-abi=hard -mthumb -D__REDLIB__ -fstack-usage -specs=redlib.specs -MMD -MP -MF"source/Lab3_2.d" -MT"source/Lab3_2.o" -MT"source/Lab3_2.d" -o "source/Lab3_2.o" "../source/Lab3_2.c"
Finished building: ../source/Lab3_2.c
 
Building target: Lab3_2.axf
Invoking: MCU Linker
arm-none-eabi-gcc -nostdlib -Xlinker -Map="Lab3_2.map" -Xlinker --gc-sections -Xlinker -print-memory-usage -Xlinker --sort-section=alignment -Xlinker --cref -mcpu=cortex-m33 -mfpu=fpv5-sp-d16 -mfloat-abi=hard -mthumb -T Lab3_2_Debug.ld -o "Lab3_2.axf" ./utilities/fsl_assert.o ./utilities/fsl_debug_console.o ./utilities/fsl_str.o  ./startup/boot_multicore_slave.o ./startup/startup_lpc55s69_cm33_core0.o  ./source/Lab3_2.o ./source/semihost_hardfault.o  ./drivers/fsl_clock.o ./drivers/fsl_common.o ./drivers/fsl_common_arm.o ./drivers/fsl_flexcomm.o ./drivers/fsl_gpio.o ./drivers/fsl_i2c.o ./drivers/fsl_pint.o ./drivers/fsl_power.o ./drivers/fsl_reset.o ./drivers/fsl_usart.o  ./device/system_LPC55S69_cm33_core0.o  ./component/uart/fsl_adapter_usart.o  ./component/serial_manager/fsl_component_serial_manager.o ./component/serial_manager/fsl_component_serial_port_uart.o  ./component/lists/fsl_component_generic_list.o  ./board/board.o ./board/clock_config.o ./board/peripherals.o ./board/pin_mux.o   
Memory region         Used Size  Region Size  %age Used
   PROGRAM_FLASH:       12964 B       630 KB      2.01%
            SRAM:        8512 B       256 KB      3.25%
           SRAMX:          0 GB        32 KB      0.00%
         USB_RAM:          0 GB        16 KB      0.00%
           SRAM4:          0 GB        16 KB      0.00%
Finished building target: Lab3_2.axf
 
Performing post-build steps
arm-none-eabi-size "Lab3_2.axf"; # arm-none-eabi-objcopy -v -O binary "Lab3_2.axf" "Lab3_2.bin" ; # checksum -p LPC55S69 -d "Lab3_2.bin";
   text	   data	    bss	    dec	    hex	filename
  12956	      8	   8504	  21468	   53dc	Lab3_2.axf
 

09:59:07 Build Finished. 0 errors, 0 warnings. (took 1s.302ms)

