17:22:01 **** Incremental Build of configuration Debug for project LPC55S69_Project_eampl ****
make -r -j8 all 
make[1]: Nothing to be done for 'main-build'.
Performing post-build steps
arm-none-eabi-size "LPC55S69_Project_eampl.axf"; # arm-none-eabi-objcopy -v -O binary "LPC55S69_Project_eampl.axf" "LPC55S69_Project_eampl.bin" ; # checksum -p LPC55S69 -d "LPC55S69_Project_eampl.bin";
   text	   data	    bss	    dec	    hex	filename
  12956	      8	   8504	  21468	   53dc	LPC55S69_Project_eampl.axf
 

17:22:01 Build Finished. 0 errors, 0 warnings. (took 343ms)

